tw-steel|TW|today 3-m：3/3
tw-steel|TW|today 12-m：3/3
tw-steel|TW|today 5-y：3/3
tw-steel|WW|today 3-m：3/3
tw-steel|WW|today 12-m：3/3
tw-steel|WW|today 5-y：3/3
tw-build|TW|today 3-m：3/3
tw-build|TW|today 12-m：3/3
tw-build|TW|today 5-y：3/3
tw-build|WW|today 3-m：3/3
tw-build|WW|today 12-m：3/3
tw-build|WW|today 5-y：3/3
tw-down|TW|today 3-m：3/3
tw-down|TW|today 12-m：3/3
tw-down|TW|today 5-y：3/3
tw-down|WW|today 3-m：3/3
tw-down|WW|today 12-m：3/3
tw-down|WW|today 5-y：3/3
gl-raw|TW|today 3-m：3/3
gl-raw|TW|today 12-m：3/3
gl-raw|TW|today 5-y：3/3
gl-raw|WW|today 3-m：3/3
gl-raw|WW|today 12-m：3/3
gl-raw|WW|today 5-y：3/3
gl-issue|TW|today 3-m：3/3
gl-issue|TW|today 12-m：3/3
gl-issue|TW|today 5-y：3/3
gl-issue|WW|today 3-m：3/3
gl-issue|WW|today 12-m：3/3
gl-issue|WW|today 5-y：3/3
完成：成功 90、失敗 0

---
